// Jest Snapshot v1, https://goo.gl/fbAQLP

exports[`Table Header expect TableHeader to match snapshot 1`] = `[Function]`;
