// Jest Snapshot v1, https://goo.gl/fbAQLP

exports[`Table Row expect TableHeader to match snapshot 1`] = `[Function]`;
